hello AAR